../Drivers/CMSIS/Include/core_cm3.h:1528:26:__NVIC_GetEnableIRQ	16	static
../User/lib/l_uart.c:50:5:uart_putchar	24	static
../User/lib/l_uart.c:56:5:uart_write	32	static
../User/lib/l_uart.c:70:5:__uart_printf	284	static
../User/lib/l_uart.c:83:5:__uart_printv	296	static
../User/lib/l_uart.c:108:6:Init_UART_Receive_IT	8	static
../User/lib/l_uart.c:127:13:uart5_user_RxCallback	24	static
../User/lib/l_uart.c:134:13:uart4_user_RxCallback	24	static
../User/lib/l_uart.c:141:6:HAL_UARTEx_RxEventCallback	16	static
../User/lib/l_uart.c:158:6:HAL_UART_ErrorCallback	24	static
../User/lib/l_uart.c:174:5:wait_input	32	static
